// Jest Snapshot v1, https://goo.gl/fbAQLP

exports[`<HomepageStatement/> renders <HomepageStatement/> component 1`] = `
<div
  className="col s12 statement"
>
  <br />
  <br />
  <h1
    className="header center orange-text"
  >
    Welcome!
  </h1>
  <div
    className="row center"
  >
    <h5
      className="header col s12 light"
    >
      Learning is never ending and Knowledge is key. So in light of this, we at HelloBooks aim to provide you with all the necessary resource needed to expand your mind. Feel free to go through our library.
    </h5>
  </div>
  <div
    className="row center"
  >
    <Link
      className="btn-large waves-effect waves-light orange"
      onlyActiveOnIndex={false}
      style={Object {}}
      to="/register"
    >
      Join us
    </Link>
    <Link
      className="btn-large waves-effect waves-light orange"
      onlyActiveOnIndex={false}
      style={Object {}}
      to="/login"
    >
      Login
    </Link>
  </div>
  <br />
  <br />
</div>
`;
