// Jest Snapshot v1, https://goo.gl/fbAQLP

exports[`<UserReturn/> renders <UserReturn/> component 1`] = `
<div
  className="col l4 s10 m6 cardsm"
>
  <div
    className="card large sticky-action"
  >
    <div
      className="card-image waves-effect waves-block waves-light"
    >
      <img
        className="activator"
        src="../../imgs/default.jpg"
      />
    </div>
    <div
      className="card-content"
    >
      <span
        className="card-title activator grey-text text-darken-4"
      >
        <small>
          Science
        </small>
        <i
          className="material-icons right"
        >
          more_vert
        </i>
      </span>
    </div>
    <div
      className="card-reveal"
    >
      <span
        className="card-title grey-text text-darken-4"
      >
        <small>
          Science
        </small>
        <i
          className="material-icons right"
        >
          close
        </i>
      </span>
      <p>
        Author: 
      </p>
      <p>
        Category: 
        Arts
      </p>
      <p>
        Published: 
        2018
      </p>
      <p>
        Pages: 
        600
      </p>
      <p>
        Stock: 
        4
      </p>
      <p>
        Description: 
        fine
      </p>
    </div>
    <div
      className="card-action home-card"
    />
  </div>
</div>
`;
