// Jest Snapshot v1, https://goo.gl/fbAQLP

exports[`<UserReturnedList/> renders <UserReturnedList /> component 1`] = `
<tr>
  <td>
    Science
  </td>
  <td>
    Tito Navo
  </td>
  <td>
    Invalid Date
  </td>
  <td>
    Invalid Date
  </td>
  <td>
    Invalid Date
  </td>
  <td>
    No
  </td>
  <td>
    <Link
      className="waves-effect waves-light btn btn-small"
      onClick={[Function]}
      onlyActiveOnIndex={false}
      style={Object {}}
    >
      Confirm
    </Link>
  </td>
</tr>
`;
