// Jest Snapshot v1, https://goo.gl/fbAQLP

exports[`<UserBorrow/> renders <UserBorrow /> component 1`] = `
<div
  className="col l4 s10 m6 cardsm"
>
  <div
    className="card large sticky-action"
  >
    <div
      className="card-image waves-effect waves-block waves-light"
    >
      <img
        className="activator"
        src="ggv.jpg"
      />
    </div>
    <div
      className="card-content"
    >
      <span
        className="card-title activator grey-text text-darken-4"
      >
        <small />
        <i
          className="material-icons right"
        >
          more_vert
        </i>
      </span>
    </div>
    <div
      className="card-reveal"
    >
      <span
        className="card-title grey-text text-darken-4"
      >
        <small />
        <i
          className="material-icons right"
        >
          close
        </i>
      </span>
      <p>
        Author: 
      </p>
      <p>
        Category: 
        Arts
      </p>
      <p>
        Published: 
        NaN
      </p>
      <p>
        Pages: 
      </p>
      <p>
        Stock: 
      </p>
      <p>
        Description: 
      </p>
    </div>
    <div
      className="card-action home-card"
    >
      <button
        className="waves-effect waves-light btn red"
        onClick={[Function]}
      >
        Return
      </button>
    </div>
  </div>
</div>
`;
