// Jest Snapshot v1, https://goo.gl/fbAQLP

exports[`<ChangePassword/> renders <ChangePassword /> component 1`] = `
<div>
  <div>
    <div
      className="row"
    >
      <div
        className="col s10 m8 l6 bookadd"
        style={
          Object {
            "marginLeft": "35%",
            "marginTop": "15%",
          }
        }
      >
        <div
          className="row"
        >
          <form
            className="col s10"
            onSubmit={[Function]}
          >
            <div
              className="row"
            >
              <div
                className="input-field col s10"
              >
                <input
                  className=""
                  id="oldPassword"
                  name="oldPassword"
                  onChange={[Function]}
                  type="password"
                  value=""
                />
                <label
                  className="custom-validate"
                  data-error=""
                  htmlFor="old password"
                >
                  Old Password
                </label>
              </div>
            </div>
            <div
              className="row"
            >
              <div
                className="input-field col s10"
              >
                <input
                  className=""
                  id="newPassword"
                  name="newPassword"
                  onChange={[Function]}
                  type="password"
                  value=""
                />
                <label
                  className="custom-validate"
                  data-error=""
                  htmlFor="new password"
                >
                  New Password
                </label>
              </div>
            </div>
            <div
              className="row"
            >
              <div
                className="input-field col s10"
              >
                <input
                  className=""
                  id="newPassword_confirmation"
                  name="newPassword_confirmation"
                  onChange={[Function]}
                  type="password"
                  value=""
                />
                <label
                  className="custom-validate"
                  data-error=""
                  htmlFor="Confirm New Password"
                >
                  Confirm New Password
                </label>
              </div>
            </div>
            <button
              className="col s10 btn btn-large waves-effect waves-light"
              name="action"
              type="submit"
            >
              Change Password
            </button>
          </form>
        </div>
      </div>
    </div>
  </div>
</div>
`;
