// Jest Snapshot v1, https://goo.gl/fbAQLP

exports[`<LoginForm/> renders <LoginForm /> component 1`] = `
<form
  className="col s12"
  onSubmit={[Function]}
>
  <div
    className="row"
  >
    <div
      className="input-field col s12"
    >
      <input
        className=""
        id="username"
        name="username"
        onChange={[Function]}
        type="text"
        value=""
      />
      <label
        className="custom-validate"
        data-error=""
        htmlFor="username"
      >
        Username
      </label>
    </div>
  </div>
  <div
    className="row"
  >
    <div
      className="input-field col s12"
    >
      <input
        className=""
        id="password"
        name="password"
        onChange={[Function]}
        type="password"
        value=""
      />
      <label
        className="custom-validate"
        data-error=""
        htmlFor="password"
      >
        Password
      </label>
    </div>
  </div>
  <div
    className="row"
  >
    <div
      className="col s12"
    >
      <p>
        <input
          id="remember"
          type="checkbox"
        />
        <label
          htmlFor="remember"
        >
          Remember me
        </label>
      </p>
    </div>
  </div>
  <div
    className="row"
  >
    <div
      className="col m12 s12"
    >
      <div
        className="row"
      >
        <button
          className="col m12 s12 btn btn-large waves-effect waves-light orange log-in"
          name="action"
          type="submit"
        >
          Login
        </button>
      </div>
      <div
        className="row"
      >
        <t
          buttonText="Google"
          className="col m12 s12 btn btn-large waves-effect waves-light log-in"
          cookiePolicy="single_host_origin"
          disabledStyle={
            Object {
              "opacity": 0.6,
            }
          }
          fetchBasicProfile={true}
          isSignedIn={false}
          onFailure={[Function]}
          onRequest={[Function]}
          onSuccess={[Function]}
          prompt=""
          scope="profile email"
          tag="button"
          type="button"
          uxMode="popup"
        >
          <SocialIcon
            className="google"
            color="white"
            network="google"
          />
          <span>
             Login
          </span>
        </t>
      </div>
      <div
        style={
          Object {
            "color": "red",
            "float": "right",
          }
        }
      />
    </div>
  </div>
</form>
`;
